QA output created by 002
> s3curl --id tester -- -X PUT -D - -T /TMP.default.xml http://SWIFT_HOST/bucket... 200
HTTP/1.1 200 OK
Content-Length: LENGTH
Content-Type: text/html; charset=UTF-8
Date: DATE
Location: /bucket
X-Trans-Id: TXID

