QA output created by 009
> s3curl --id tester -- -X PUT http://SWIFT_HOST/bucket... 200
> s3curl --id tester --contentMd5 YTfN5Ik8WfdvAFqBI9jo5g== --contentType application/octet-stream -- -X PUT -T /TMP.data -H Content-Disposition: attachment; filename="a.txt.gz" -H Content-Encoding: gzip -H Content-Length: 5 -H x-amz-storage-class: STANDARD -H x-amz-meta-hoge: hoge -D - http://SWIFT_HOST/bucket/a... 200
HTTP/1.1 100 Continue

HTTP/1.1 200 OK
Content-Length: LENGTH
Content-Type: text/html; charset=UTF-8
Date: DATE
ETag: "ETAG"
Last-Modified: DATE
x-amz-id-2: TXID
x-amz-request-id: TXID
X-Trans-Id: TXID

> s3curl --id tester -- -I -X HEAD http://SWIFT_HOST/bucket/a... 200
HTTP/1.1 200 OK
Content-Encoding: gzip
Content-Length: LENGTH
Content-Type: application/octet-stream
Date: DATE
ETag: ETAG
Last-Modified: DATE
x-amz-id-2: TXID
x-amz-meta-hoge: hoge
x-amz-request-id: TXID
X-Trans-Id: TXID

