QA output created by 013
> s3curl --id tester -- -X PUT http://SWIFT_HOST/bucket... 200
> s3curl --id tester -- -X POST _xq /InitiateMultipartUploadResult/UploadId http://SWIFT_HOST/bucket/%e3%81%82%2etxt?uploads... 200
> s3curl --id tester -- -X POST _xq /InitiateMultipartUploadResult/UploadId http://SWIFT_HOST/bucket/%e3%81%84%2etxt?uploads... 200
> s3curl --id tester -- -X POST _xq /InitiateMultipartUploadResult/UploadId http://SWIFT_HOST/bucket/object?uploads... 200
> s3curl --id tester -- -X GET -D - http://SWIFT_HOST/bucket?uploads... 200
HTTP/1.1 200 OK
Content-Length: LENGTH
Content-Type: application/xml
Date: DATE
x-amz-id-2: TXID
x-amz-request-id: TXID
X-Trans-Id: TXID

<?xml version='1.0' encoding='UTF-8'?>
<ListMultipartUploadsResult xmlns="http://s3.amazonaws.com/doc/2006-03-01/">
  <Bucket>bucket</Bucket>
  <KeyMarker/>
  <UploadIdMarker/>
  <NextKeyMarker>い.txt</NextKeyMarker>
  <NextUploadIdMarker>UPLOAD_ID</NextUploadIdMarker>
  <MaxUploads>1000</MaxUploads>
  <IsTruncated>false</IsTruncated>
  <Upload>
    <Key>object</Key>
    <UploadId>UPLOAD_ID</UploadId>
    <Initiator>
      <ID>TESTER</ID>
      <DisplayName>TESTER</DisplayName>
    </Initiator>
    <Owner>
      <ID>TESTER</ID>
      <DisplayName>TESTER</DisplayName>
    </Owner>
    <StorageClass>STANDARD</StorageClass>
    <Initiated>DATE</Initiated>
  </Upload>
  <Upload>
    <Key>あ.txt</Key>
    <UploadId>UPLOAD_ID</UploadId>
    <Initiator>
      <ID>TESTER</ID>
      <DisplayName>TESTER</DisplayName>
    </Initiator>
    <Owner>
      <ID>TESTER</ID>
      <DisplayName>TESTER</DisplayName>
    </Owner>
    <StorageClass>STANDARD</StorageClass>
    <Initiated>DATE</Initiated>
  </Upload>
  <Upload>
    <Key>い.txt</Key>
    <UploadId>UPLOAD_ID</UploadId>
    <Initiator>
      <ID>TESTER</ID>
      <DisplayName>TESTER</DisplayName>
    </Initiator>
    <Owner>
      <ID>TESTER</ID>
      <DisplayName>TESTER</DisplayName>
    </Owner>
    <StorageClass>STANDARD</StorageClass>
    <Initiated>DATE</Initiated>
  </Upload>
</ListMultipartUploadsResult>
